[Licensing::Module] Trying to connect to existing licensing client channel...
Built from '6000.4/staging' branch; Version is '6000.4.3f1 (39d1a88d4dd1) revision 3789224'; Using compiler version '194234433'; Build Type 'Release'
[Licensing::IpcConnector] Successfully connected to: "LicenseClient-curtt" at "2026-04-30T00:40:01.7792731Z"
OS: 'Windows 11  (10.0.26200) Core' Language: 'en' Physical Memory: 31955 MB
BatchMode: 1, IsHumanControllingUs: 0, StartBugReporterOnCrash: 0, Is64bit: 1
System  architecture: x64
Process architecture: x64
Date: 2026-04-30T00:40:01Z

COMMAND LINE ARGUMENTS:
C:\Program Files\Unity\Hub\Editor\6000.4.3f1\Editor\Unity.exe
-adb2
-batchMode
-noUpm
-name
AssetImportWorker3
-projectPath
C:/Unity Projects/UnityGames/Bounce
-logFile
Logs/AssetImportWorker3.log
-srvPort
49169
-licensingIpc
LicenseClient-curtt
-force-d3d12
-job-worker-count
7
-background-job-worker-count
8
-gc-helper-count
1
-name
AssetImport
Successfully changed project path to: C:/Unity Projects/UnityGames/Bounce
C:/Unity Projects/UnityGames/Bounce
[UnityMemory] Configuration Parameters - Can be set up in boot.config
    "memorysetup-temp-allocator-size-gi-baking-worker=262144"
    "memorysetup-temp-allocator-size-gi-baking-worker=262144"
    "memorysetup-temp-allocator-size-gi-baking-worker=262144"
    "memorysetup-temp-allocator-size-gi-baking-worker=262144"
    "memorysetup-temp-allocator-size-gi-baking-worker=262144"
    "memorysetup-temp-allocator-size-nav-mesh-worker=65536"
    "memorysetup-temp-allocator-size-audio-worker=65536"
    "memorysetup-temp-allocator-size-cloud-worker=32768"
    "memorysetup-temp-allocator-size-gfx=262144"
    "memorysetup-temp-allocator-size-preload-manager=33554432"
    "memorysetup-temp-allocator-size-job-worker=262144"
    "memorysetup-temp-allocator-size-background-worker=32768"
    "memorysetup-allocator-temp-initial-block-size-main=262144"
    "memorysetup-allocator-temp-initial-block-size-worker=262144"
    "memorysetup-bucket-allocator-granularity=16"
    "memorysetup-bucket-allocator-bucket-count=8"
    "memorysetup-bucket-allocator-block-size=33554432"
    "memorysetup-bucket-allocator-block-count=8"
    "memorysetup-main-allocator-block-size=16777216"
    "memorysetup-thread-allocator-block-size=16777216"
    "memorysetup-gfx-main-allocator-block-size=16777216"
    "memorysetup-gfx-thread-allocator-block-size=16777216"
    "memorysetup-cache-allocator-block-size=4194304"
    "memorysetup-typetree-allocator-block-size=2097152"
    "memorysetup-profiler-bucket-allocator-granularity=16"
    "memorysetup-profiler-bucket-allocator-bucket-count=8"
    "memorysetup-profiler-bucket-allocator-block-size=33554432"
    "memorysetup-profiler-bucket-allocator-block-count=8"
    "memorysetup-profiler-allocator-block-size=16777216"
    "memorysetup-profiler-editor-allocator-block-size=1048576"
    "memorysetup-temp-allocator-size-main=16777216"
    "memorysetup-job-temp-allocator-block-size=2097152"
    "memorysetup-job-temp-allocator-block-size-background=1048576"
    "memorysetup-job-temp-allocator-reduction-small-platforms=262144"
Player connection [42768]  Target information:

Player connection [42768]  * "[IP] 192.168.50.139 [Port] 0 [Flags] 2 [Guid] 528615663 [EditorId] 528615663 [Version] 1048832 [Id] WindowsEditor(7,MSI) [Debug] 1 [PackageName] WindowsEditor [ProjectName] Editor" 

Player connection [42768] Host joined multi-casting on [225.0.0.222:54997]...
Player connection [42768] Host joined alternative multi-casting on [225.0.0.222:34997]...
JobSystem: Creating JobQueue using job-worker-count value 7
Input System module state changed to: Initialized.
[Physics::Module] Initialized fallback backend.
[Physics::Module] Id: 0xdecafbad
Library Redirect Path: Library/
[Physics::Module] Selected backend.
[Physics::Module] Name: PhysX
[Physics::Module] Id: 0xf2b8ea05
[Physics::Module] SDK Version: 4.1.2
[Physics::Module] Integration Version: 1.0.0
[Physics::Module] Threading Mode: Multi-Threaded
[Licensing::Module] Licensing is not yet initialized.
[Licensing::Client] Error: HandshakeResponse reported an error:
	ResponseCode: 505
	ResponseStatus: Unsupported protocol version '1.18.1'.
[Licensing::Module] Error: Failed to handshake to channel: "LicenseClient-curtt"
[Licensing::IpcConnector] LicenseClient-curtt channel disconnected successfully.
[Licensing::IpcConnector] Successfully connected to: "LicenseClient-curtt-6000.4.3" at "2026-04-30T00:40:05.9809657Z"
[Licensing::Client] Handshaking with LicensingClient:
  Version:                 1.18.1+9fbee8e
  Session Id:              e40a5b52da414c95a4a36b8f8465e1ca
  Correlation Id:          138b7802736f002dc495179f2955b592
  External correlation Id: 7094568939810460001
  Machine Id:              bXb5/HXqmmtCQHb5fsZiHqAcK6U=
[Licensing::Module] Successfully connected to LicensingClient on channel: "LicenseClient-curtt-6000.4.3" (connect: 0.00s, validation: 0.00s, handshake: 4.12s)
[Licensing::IpcConnector] Successfully connected to: "LicenseClient-curtt-6000.4.3-notifications" at "2026-04-30T00:40:10.1053214Z"
[Licensing::Module] Licensing Background thread has ended after 8.33s
[Licensing::Module] Licensing is initialized (took 7.69s).
[Licensing::Client] Successfully resolved entitlement details
[Licensing::Module] License group:
  Id: 3573452769516-UnityPersXXXX
  Product: Unity Personal
  Type: Assigned
  Expiration: Unlimited
Refreshing native plugins compatible for Editor in 40.54 ms, found 5 plugins.
Initialize engine version: 6000.4.3f1 (39d1a88d4dd1)
[Subsystems] Discovering subsystems at path C:/Program Files/Unity/Hub/Editor/6000.4.3f1/Editor/Data/Resources/UnitySubsystems
[Subsystems] Discovering subsystems at path C:/Unity Projects/UnityGames/Bounce/Assets
Forcing GfxDevice: Direct3D 12
GfxDevice: creating device client; kGfxThreadingModeNonThreaded
d3d12: failed to query info queue interface (0x80004002).
Direct3D:
    Version:         Direct3D 12 [level 12.2]
    Renderer:        NVIDIA GeForce RTX 4060 Laptop GPU (ID=0x28a0)
    Vendor:          NVIDIA
    VRAM:            7957 MB
    App VRAM Budget: 7189 MB
    Driver:          32.0.15.7270
Initialize mono
Mono path[0] = 'C:/Program Files/Unity/Hub/Editor/6000.4.3f1/Editor/Data/Managed'
Mono path[1] = 'C:/Program Files/Unity/Hub/Editor/6000.4.3f1/Editor/Data/MonoBleedingEdge/lib/mono/unityjit-win32'
Mono config path = 'C:/Program Files/Unity/Hub/Editor/6000.4.3f1/Editor/Data/MonoBleedingEdge/etc'
Using monoOptions --debugger-agent=transport=dt_socket,embedding=1,server=y,suspend=n,address=127.0.0.1:56956
CodeReloadManager initialized
Begin MonoManager ReloadAssembly
Registering precompiled unity dll's ...
Register platform support module: C:/Program Files/Unity/Hub/Editor/6000.4.3f1/Editor/Data/PlaybackEngines/WebGLSupport/UnityEditor.WebGL.Extensions.dll
Register platform support module: C:/Program Files/Unity/Hub/Editor/6000.4.3f1/Editor/Data/PlaybackEngines/WindowsStandaloneSupport/UnityEditor.WindowsStandalone.Extensions.dll
[Licensing::Client] Successfully resolved entitlement details
Register platform support module: C:/Program Files/Unity/Hub/Editor/6000.4.3f1/Editor/Data/PlaybackEngines/MetroSupport/UnityEditor.UWP.Extensions.dll
Register platform support module: C:/Program Files/Unity/Hub/Editor/6000.4.3f1/Editor/Data/PlaybackEngines/AndroidPlayer/UnityEditor.Android.Extensions.dll
Registered in 0.013385 seconds.
Native extension for Android target not found
Native extension for UWP target not found
Native extension for WindowsStandalone target not found
Native extension for WebGL target not found
Package Manager log level set to [2]
[Package Manager] Failed to launch server process. Reason: Unity was launched with the -noUpm command-line argument
[Package Manager] Unable to send message (not connected to server process).
[Package Manager] Cannot connect to Unity Package Manager local server
ScheduleIndexationOnStartup MainProcess:False IndexOnStartup:True
Mono: successfully reloaded assembly
- Finished resetting the current domain, in  0.795 seconds
Domain Reload Profiling: 1749ms
	BeginReloadAssembly (259ms)
	RebuildCommonClasses (82ms)
	RebuildNativeTypeToScriptingClass (29ms)
	initialDomainReloadingComplete (150ms)
	LoadAllAssembliesAndSetupDomain (430ms)
		LoadAssemblies (253ms)
		AnalyzeDomain (414ms)
			TypeCache.Refresh (411ms)
				TypeCache.ScanAssembly (386ms)
	FinalizeReload (798ms)
		SetupLoadedEditorAssemblies (0ms)
			InitializePlatformSupportModulesInManaged (127ms)
			BeforeProcessingInitializeOnLoad (152ms)
			ProcessInitializeOnLoadAttributes (205ms)
			ProcessInitializeOnLoadMethodAttributes (166ms)
========================================================================
Worker process is ready to serve import requests
Import Worker Mode flag is 0x00
Begin MonoManager ReloadAssembly
[Licensing::Client] Successfully resolved entitlement details
Assembly Assembly-CSharp-Editor.dll at Library/ScriptAssemblies/Assembly-CSharp-Editor.dll not valid. Loading of assembly skipped.
Assembly Assembly-CSharp-firstpass.dll at Library/ScriptAssemblies/Assembly-CSharp-firstpass.dll not valid. Loading of assembly skipped.
Assembly DocCodeExamples.dll at Library/ScriptAssemblies/DocCodeExamples.dll not valid. Loading of assembly skipped.
Assembly TestNewCustomAssembly.dll at Library/ScriptAssemblies/TestNewCustomAssembly.dll not valid. Loading of assembly skipped.
Assembly Unity.2D.PixelPerfect.Editor.Tests.dll at Library/ScriptAssemblies/Unity.2D.PixelPerfect.Editor.Tests.dll not valid. Loading of assembly skipped.
Assembly Unity.2D.Sprite.Package.EditorTests.dll at Library/ScriptAssemblies/Unity.2D.Sprite.Package.EditorTests.dll not valid. Loading of assembly skipped.
Assembly Unity.2D.Tilemap.Package.EditorTests.dll at Library/ScriptAssemblies/Unity.2D.Tilemap.Package.EditorTests.dll not valid. Loading of assembly skipped.
Assembly Unity.Analytics.DataPrivacy.Tests.dll at Library/ScriptAssemblies/Unity.Analytics.DataPrivacy.Tests.dll not valid. Loading of assembly skipped.
Assembly Unity.Analytics.StandardEvents.EditorTests.dll at Library/ScriptAssemblies/Unity.Analytics.StandardEvents.EditorTests.dll not valid. Loading of assembly skipped.
Assembly Unity.Collections.BurstCompatibilityGen.dll at Library/ScriptAssemblies/Unity.Collections.BurstCompatibilityGen.dll not valid. Loading of assembly skipped.
Assembly Unity.Collections.DocCodeSamples.dll at Library/ScriptAssemblies/Unity.Collections.DocCodeSamples.dll not valid. Loading of assembly skipped.
Assembly Unity.Collections.PerformanceTests.dll at Library/ScriptAssemblies/Unity.Collections.PerformanceTests.dll not valid. Loading of assembly skipped.
Assembly Unity.Collections.Tests.dll at Library/ScriptAssemblies/Unity.Collections.Tests.dll not valid. Loading of assembly skipped.
Assembly Unity.Collections.Tests.Playmode.dll at Library/ScriptAssemblies/Unity.Collections.Tests.Playmode.dll not valid. Loading of assembly skipped.
Assembly Unity.Mathematics.Tests.dll at Library/ScriptAssemblies/Unity.Mathematics.Tests.dll not valid. Loading of assembly skipped.
Assembly Unity.Multiplayer.Center.Editor.Tests.dll at Library/ScriptAssemblies/Unity.Multiplayer.Center.Editor.Tests.dll not valid. Loading of assembly skipped.
Assembly Unity.Multiplayer.Center.Tests.dll at Library/ScriptAssemblies/Unity.Multiplayer.Center.Tests.dll not valid. Loading of assembly skipped.
Assembly Unity.Nuget.Mono-Cecil.dll at Library/ScriptAssemblies/Unity.Nuget.Mono-Cecil.dll not valid. Loading of assembly skipped.
Assembly Unity.Postprocessing.Editor.Tests.dll at Library/ScriptAssemblies/Unity.Postprocessing.Editor.Tests.dll not valid. Loading of assembly skipped.
Assembly Unity.Postprocessing.Runtime.Tests.dll at Library/ScriptAssemblies/Unity.Postprocessing.Runtime.Tests.dll not valid. Loading of assembly skipped.
Assembly Unity.Purchasing.Apple.dll at Library/ScriptAssemblies/Unity.Purchasing.Apple.dll not valid. Loading of assembly skipped.
Assembly Unity.Purchasing.AppleMacos.dll at Library/ScriptAssemblies/Unity.Purchasing.AppleMacos.dll not valid. Loading of assembly skipped.
Assembly Unity.Purchasing.Security.dll at Library/ScriptAssemblies/Unity.Purchasing.Security.dll not valid. Loading of assembly skipped.
Assembly Unity.Purchasing.TransactionVerifier.dll at Library/ScriptAssemblies/Unity.Purchasing.TransactionVerifier.dll not valid. Loading of assembly skipped.
Assembly Unity.Settings.Tests.dll at Library/ScriptAssemblies/Unity.Settings.Tests.dll not valid. Loading of assembly skipped.
Assembly Unity.TestTools.CodeCoverage.Editor.Compatibility.dll at Library/ScriptAssemblies/Unity.TestTools.CodeCoverage.Editor.Compatibility.dll not valid. Loading of assembly skipped.
Assembly Unity.TextMeshPro.Editor.Tests.dll at Library/ScriptAssemblies/Unity.TextMeshPro.Editor.Tests.dll not valid. Loading of assembly skipped.
Assembly Unity.TextMeshPro.Tests.dll at Library/ScriptAssemblies/Unity.TextMeshPro.Tests.dll not valid. Loading of assembly skipped.
Assembly UnityEditor.UI.Common.Tests.dll at Library/ScriptAssemblies/UnityEditor.UI.Common.Tests.dll not valid. Loading of assembly skipped.
Assembly UnityEditor.UI.EditorTests.dll at Library/ScriptAssemblies/UnityEditor.UI.EditorTests.dll not valid. Loading of assembly skipped.
Assembly UnityEditor.XR.LegacyInputHelpers.Tests.dll at Library/ScriptAssemblies/UnityEditor.XR.LegacyInputHelpers.Tests.dll not valid. Loading of assembly skipped.
Assembly UnityEngine.Advertisements.Editor.Tests.dll at Library/ScriptAssemblies/UnityEngine.Advertisements.Editor.Tests.dll not valid. Loading of assembly skipped.
Assembly UnityEngine.Advertisements.Tests.dll at Library/ScriptAssemblies/UnityEngine.Advertisements.Tests.dll not valid. Loading of assembly skipped.
Assembly UnityEngine.SpatialTracking.Tests.dll at Library/ScriptAssemblies/UnityEngine.SpatialTracking.Tests.dll not valid. Loading of assembly skipped.
Assembly UnityEngine.UI.Tests.dll at Library/ScriptAssemblies/UnityEngine.UI.Tests.dll not valid. Loading of assembly skipped.
Symbol file LoadedFromMemory is not a mono symbol file
Refreshing native plugins compatible for Editor in 31.30 ms, found 5 plugins.
Native extension for Android target not found
Native extension for UWP target not found
Native extension for WindowsStandalone target not found
Native extension for WebGL target not found
[Package Manager] Failed to launch server process. Reason: Unity was launched with the -noUpm command-line argument
[Package Manager] Unable to send message (not connected to server process).
[Package Manager] Cannot connect to Unity Package Manager local server
Refreshing native plugins compatible for Editor in 36.49 ms, found 5 plugins.
[Package Manager] Failed to launch server process. Reason: Unity was launched with the -noUpm command-line argument
[Package Manager] Unable to send message (not connected to server process).
[Package Manager] Cannot connect to Unity Package Manager local server
ScheduleIndexationOnStartup MainProcess:False IndexOnStartup:True
Mono: successfully reloaded assembly
- Finished resetting the current domain, in  1.381 seconds
Domain Reload Profiling: 3202ms
	BeginReloadAssembly (337ms)
		DisableScriptedObjects (12ms)
		CreateAndSetChildDomain (51ms)
	RebuildCommonClasses (80ms)
	RebuildNativeTypeToScriptingClass (29ms)
	initialDomainReloadingComplete (182ms)
	LoadAllAssembliesAndSetupDomain (1191ms)
		LoadAssemblies (850ms)
		AnalyzeDomain (522ms)
			TypeCache.Refresh (426ms)
				TypeCache.ScanAssembly (386ms)
			BuildScriptInfoCaches (87ms)
			ResolveRequiredComponents (6ms)
	FinalizeReload (1382ms)
		SetupLoadedEditorAssemblies (0ms)
			InitializePlatformSupportModulesInManaged (22ms)
			BeforeProcessingInitializeOnLoad (286ms)
			ProcessInitializeOnLoadAttributes (601ms)
			ProcessInitializeOnLoadMethodAttributes (163ms)
			AfterProcessingInitializeOnLoad (20ms)
		AwakeInstancesAfterBackupRestoration (15ms)
Launched and connected shader compiler UnityShaderCompiler.exe after 0.02 seconds
Refreshing native plugins compatible for Editor in 28.18 ms, found 5 plugins.
Unloading 12 Unused Serialized files (Serialized files now loaded: 0)
Unloading 4476 unused Assets / (3.3 MB). Loaded Objects now: 5022.
Memory consumption went from 107.1 MB to 103.9 MB.
Total: 12.109900 ms (FindLiveObjects: 0.606000 ms CreateObjectMapping: 0.436200 ms MarkObjects: 8.026600 ms  DeleteObjects: 3.037600 ms)

========================================================================
Received Import Request.
  Time since last request: 1199931.509621 seconds.
  path: Assets/Android Native Audio/ANA Music.pdf
  importAddress: Guid(3aec8885e5b5b054f913ff081ff9ad7d) Importer(2089858483,b0f066a214c2f5e87bad3c948f4d605d)
Start importing Assets/Android Native Audio/ANA Music.pdf using Guid(3aec8885e5b5b054f913ff081ff9ad7d) Importer(2089858483,b0f066a214c2f5e87bad3c948f4d605d) (ScriptedImporter) -> (Import Result ID: '84164826abc8bcab57fa9206cdb9a76d') in 0.1479529 seconds [static and dynamic dependencies]. Details - ImportResultOutputID=f470c6a1146e93e846630bfe042c0db2 DependenciesID=a66388dcad5403b6c72ab53c83458695 StaticDependenciesID=284e627a62b6b18eeaeaed8423cea428 
Number of updated asset objects reloaded before import = 0Number of asset objects unloaded after import = 1

========================================================================
Received Import Request.
  Time since last request: 0.000036 seconds.
  path: Assets/Anim/Effects/HitSpark.anim
  importAddress: Guid(57ebcbb94383eb4408c113cf85853a0d) Importer(2089858483,b0f066a214c2f5e87bad3c948f4d605d)
Start importing Assets/Anim/Effects/HitSpark.anim using Guid(57ebcbb94383eb4408c113cf85853a0d) Importer(2089858483,b0f066a214c2f5e87bad3c948f4d605d) (ScriptedImporter) -> (Import Result ID: '4f69b7833a2762cc18568a73e5cd7af8') in 0.0790031 seconds [static and dynamic dependencies]. Details - ImportResultOutputID=6960c5cea0f9b27627aa80ab8166666b DependenciesID=a4a9fdca5030420eecdf0c5036eda8e0 StaticDependenciesID=d82931ba0e55b66e38a50293e1d3aaa0 
Number of updated asset objects reloaded before import = 0Number of asset objects unloaded after import = 1

========================================================================
Received Import Request.
  Time since last request: 0.000063 seconds.
  path: Assets/Scripts/AudioManager.cs
  importAddress: Guid(d03436ff010fa004e889d7d61567de65) Importer(2089858483,b0f066a214c2f5e87bad3c948f4d605d)
Start importing Assets/Scripts/AudioManager.cs using Guid(d03436ff010fa004e889d7d61567de65) Importer(2089858483,b0f066a214c2f5e87bad3c948f4d605d) (ScriptedImporter) -> (Import Result ID: '33d9c2ad66c36de320b7703a0c64578d') in 0.0320288 seconds [static and dynamic dependencies]. Details - ImportResultOutputID=7ba21c4bfea51aeff809d44006c69348 DependenciesID=b8b73f45cec8eb9f61f3e05007ab040b StaticDependenciesID=a87109816449d0076c67e5988a6922e3 
Number of updated asset objects reloaded before import = 0Number of asset objects unloaded after import = 0

========================================================================
Received Import Request.
  Time since last request: 0.000066 seconds.
  path: Assets/Prefabs/Balls/Red_Ball.prefab
  importAddress: Guid(9f05386b7dc89f94cb60d9e93550974c) Importer(2089858483,b0f066a214c2f5e87bad3c948f4d605d)
Start importing Assets/Prefabs/Balls/Red_Ball.prefab using Guid(9f05386b7dc89f94cb60d9e93550974c) Importer(2089858483,b0f066a214c2f5e87bad3c948f4d605d) (ScriptedImporter) -> (Import Result ID: '5a3fe5096c56d839717a89a4d8665794') in 0.2042943 seconds [static and dynamic dependencies]. Details - ImportResultOutputID=c57ecfbc176527ca9045e61c8d9bc64e DependenciesID=fa29e3bcc0d25dfa34fd1c6a4848fd5f StaticDependenciesID=587413d8e6b9a8ec3030a8eef0bf55cc 
Number of updated asset objects reloaded before import = 0Number of asset objects unloaded after import = 41

========================================================================
Received Import Request.
  Time since last request: 0.000039 seconds.
  path: Assets/Sprites/balls.png
  importAddress: Guid(7b26f633b0972e34e9cc1d307d7ae35c) Importer(2089858483,b0f066a214c2f5e87bad3c948f4d605d)
Start importing Assets/Sprites/balls.png using Guid(7b26f633b0972e34e9cc1d307d7ae35c) Importer(2089858483,b0f066a214c2f5e87bad3c948f4d605d) (ScriptedImporter) -> (Import Result ID: '1830c91668f4b3d346400eacd181cd2f') in 0.0944733 seconds [static and dynamic dependencies]. Details - ImportResultOutputID=10ee9536ddf9cabb3d5de487e70dfbdd DependenciesID=c69e1997e6e24f77d24c9b9f16b8cc67 StaticDependenciesID=3bece9ea558ac01aadad33f71965d542 
Number of updated asset objects reloaded before import = 0Number of asset objects unloaded after import = 16

========================================================================
Received Import Request.
  Time since last request: 0.000054 seconds.
  path: Assets/StreamingAssets/Android Native Audio/Music Native.ogg
  importAddress: Guid(3417e66b9ca22bb4bba9fe6dd57f5792) Importer(2089858483,b0f066a214c2f5e87bad3c948f4d605d)
Start importing Assets/StreamingAssets/Android Native Audio/Music Native.ogg using Guid(3417e66b9ca22bb4bba9fe6dd57f5792) Importer(2089858483,b0f066a214c2f5e87bad3c948f4d605d) (ScriptedImporter) -> (Import Result ID: '40b492b24567182d81359c952c25c32e') in 0.0180438 seconds [static and dynamic dependencies]. Details - ImportResultOutputID=3ef84ff4919ccdc6cdac865f64afc62c DependenciesID=13cad2fa763a37997f4de7c2f4def8f0 StaticDependenciesID=72bcf4d2749520fc2154bf0257e3cd22 
Number of updated asset objects reloaded before import = 0Number of asset objects unloaded after import = 1

========================================================================
Received Import Request.
  Time since last request: 0.000048 seconds.
  path: Assets/Scripts/Controllers/BackgroundController.cs
  importAddress: Guid(c771a9c7733077546bfbc79cae39f1e8) Importer(2089858483,b0f066a214c2f5e87bad3c948f4d605d)
Start importing Assets/Scripts/Controllers/BackgroundController.cs using Guid(c771a9c7733077546bfbc79cae39f1e8) Importer(2089858483,b0f066a214c2f5e87bad3c948f4d605d) (ScriptedImporter) -> (Import Result ID: 'c20c167becba566a8480072b047653ce') in 0.0191232 seconds [static and dynamic dependencies]. Details - ImportResultOutputID=4d86a3e51b9965a1bdc4c0430c588550 DependenciesID=337a82e296148ff821c8d21c577e77e9 StaticDependenciesID=a14ecd19b0e2ea36d15925aebd8b5ac6 
Number of updated asset objects reloaded before import = 0Number of asset objects unloaded after import = 0

========================================================================
Received Import Request.
  Time since last request: 0.000099 seconds.
  path: Assets/Prefabs/Balls/Soccer_Trail.prefab
  importAddress: Guid(f023eb605be2033449f2571c1116dcb9) Importer(2089858483,b0f066a214c2f5e87bad3c948f4d605d)
Start importing Assets/Prefabs/Balls/Soccer_Trail.prefab using Guid(f023eb605be2033449f2571c1116dcb9) Importer(2089858483,b0f066a214c2f5e87bad3c948f4d605d) (ScriptedImporter) -> (Import Result ID: '34620f2ad0e3a886c487433e4120c949') in 0.0310519 seconds [static and dynamic dependencies]. Details - ImportResultOutputID=ac78b414b65bb884ff2aaa3411761808 DependenciesID=02528e696e7d8bc4543e3e4dbd064189 StaticDependenciesID=98a458274cea3829d5096abe84a33af9 
Number of updated asset objects reloaded before import = 0Number of asset objects unloaded after import = 17

========================================================================
Received Import Request.
  Time since last request: 0.000035 seconds.
  path: Assets/MobileDependencyResolver/Editor/mobile-dependency-resolver_version-1.2.185_manifest.txt
  importAddress: Guid(5e590a4aab514d859dd0ac8982d9e78c) Importer(2089858483,b0f066a214c2f5e87bad3c948f4d605d)
Start importing Assets/MobileDependencyResolver/Editor/mobile-dependency-resolver_version-1.2.185_manifest.txt using Guid(5e590a4aab514d859dd0ac8982d9e78c) Importer(2089858483,b0f066a214c2f5e87bad3c948f4d605d) (ScriptedImporter) -> (Import Result ID: '5fea2d1adeaf41d96bf396a77df9237f') in 0.0176076 seconds [static and dynamic dependencies]. Details - ImportResultOutputID=22757a40d8ad249ba982bfbd8211c1da DependenciesID=8a0f331c646907be1fcef03ce6cb4080 StaticDependenciesID=abbdb9e43f51070c18dc500e38c4f1f8 
Number of updated asset objects reloaded before import = 0Number of asset objects unloaded after import = 1

========================================================================
Received Import Request.
  Time since last request: 0.000092 seconds.
  path: Assets/Sprites/splashscreen.png
  importAddress: Guid(648c4eabbad053f4fb4b2d713d7b6e97) Importer(2089858483,b0f066a214c2f5e87bad3c948f4d605d)
Start importing Assets/Sprites/splashscreen.png using Guid(648c4eabbad053f4fb4b2d713d7b6e97) Importer(2089858483,b0f066a214c2f5e87bad3c948f4d605d) (ScriptedImporter) -> (Import Result ID: '47cee7498a95f957c246f8c4ad0dbc39') in 0.0363251 seconds [static and dynamic dependencies]. Details - ImportResultOutputID=facb40f48bbd71c1033995b8460c0478 DependenciesID=460cdcd82d5cad25259a91cd72b949e1 StaticDependenciesID=c4fe376fb3d0a4a1fbb901beb21dd31a 
Number of updated asset objects reloaded before import = 0Number of asset objects unloaded after import = 3

========================================================================
Received Import Request.
  Time since last request: 0.000027 seconds.
  path: Assets/Prefabs/Balls/Beach_Trail Variant.prefab
  importAddress: Guid(b5044750fc5ffdf4496b6eba0c300c50) Importer(2089858483,b0f066a214c2f5e87bad3c948f4d605d)
Start importing Assets/Prefabs/Balls/Beach_Trail Variant.prefab using Guid(b5044750fc5ffdf4496b6eba0c300c50) Importer(2089858483,b0f066a214c2f5e87bad3c948f4d605d) (ScriptedImporter) -> (Import Result ID: 'e30dc87d16365c814ee3365de87cfaf3') in 0.0400828 seconds [static and dynamic dependencies]. Details - ImportResultOutputID=67875d1d8a2d2a587c551c1de2a66e19 DependenciesID=bc2bd4a61a270ddf4f21bec2438e47b1 StaticDependenciesID=508052ac9f19a33750d07a068e874c4e 
Number of updated asset objects reloaded before import = 0Number of asset objects unloaded after import = 30

========================================================================
Received Import Request.
  Time since last request: 0.000031 seconds.
  path: Assets/Fonts/Flappy Bird Font.TTF
  importAddress: Guid(9454a8b6075ef5847a0ac56c37a8257e) Importer(2089858483,b0f066a214c2f5e87bad3c948f4d605d)
Start importing Assets/Fonts/Flappy Bird Font.TTF using Guid(9454a8b6075ef5847a0ac56c37a8257e) Importer(2089858483,b0f066a214c2f5e87bad3c948f4d605d) (ScriptedImporter) -> (Import Result ID: 'e0523b1688683bafdc7dfd4dbb9532dd') in 0.0482174 seconds [static and dynamic dependencies]. Details - ImportResultOutputID=fe242ffda323f1074c813182a50d9179 DependenciesID=10ac446de156ad2162aa952dc752c02a StaticDependenciesID=f42bd3d079d40456bca87c69ae854257 
Number of updated asset objects reloaded before import = 0Number of asset objects unloaded after import = 3

========================================================================
Received Import Request.
  Time since last request: 0.000032 seconds.
  path: Assets/Anim/Effects/particle_city.anim
  importAddress: Guid(83e8f80d399179847895ba7a009d4881) Importer(2089858483,b0f066a214c2f5e87bad3c948f4d605d)
Start importing Assets/Anim/Effects/particle_city.anim using Guid(83e8f80d399179847895ba7a009d4881) Importer(2089858483,b0f066a214c2f5e87bad3c948f4d605d) (ScriptedImporter) -> (Import Result ID: '4e7d915e8d0609268a77304179276760') in 0.0196507 seconds [static and dynamic dependencies]. Details - ImportResultOutputID=ddf5a72336c606cc6e0a2f2b8e8d34a3 DependenciesID=41f1d3909291b0adb034d475655fc2d1 StaticDependenciesID=20b8593ec0ce983d8621d6012353be8a 
Number of updated asset objects reloaded before import = 0Number of asset objects unloaded after import = 1

========================================================================
Received Import Request.
  Time since last request: 0.000041 seconds.
  path: Assets/Sprites/logo.png
  importAddress: Guid(b4a2278bd17d5384284ea2584e59460c) Importer(2089858483,b0f066a214c2f5e87bad3c948f4d605d)
Start importing Assets/Sprites/logo.png using Guid(b4a2278bd17d5384284ea2584e59460c) Importer(2089858483,b0f066a214c2f5e87bad3c948f4d605d) (ScriptedImporter) -> (Import Result ID: '1ce9385a017f0d2ed5d31fdd5e081bef') in 0.0277852 seconds [static and dynamic dependencies]. Details - ImportResultOutputID=dba39d1bca7e21ab56cf78c0a601c00a DependenciesID=695a8fd3b4af89df136b5f537dafb250 StaticDependenciesID=227853a97790a24ad2a2834ac306a226 
Number of updated asset objects reloaded before import = 0Number of asset objects unloaded after import = 2

========================================================================
Received Import Request.
  Time since last request: 0.000135 seconds.
  path: Assets/Prefabs/Balls/Basket_Ball Variant.prefab
  importAddress: Guid(4d7a0c0df4f5583459461beeffc5931e) Importer(2089858483,b0f066a214c2f5e87bad3c948f4d605d)
Start importing Assets/Prefabs/Balls/Basket_Ball Variant.prefab using Guid(4d7a0c0df4f5583459461beeffc5931e) Importer(2089858483,b0f066a214c2f5e87bad3c948f4d605d) (ScriptedImporter) -> (Import Result ID: '36c94acb270389ac0098084cfe298ff7') in 0.0604343 seconds [static and dynamic dependencies]. Details - ImportResultOutputID=b6b322084bf5d8bc431e100e1698d434 DependenciesID=4cf4cd8dbf6490176b01425b167a567a StaticDependenciesID=0709b46518a0e020fdc0b216b70914de 
Number of updated asset objects reloaded before import = 0Number of asset objects unloaded after import = 58

========================================================================
Received Import Request.
  Time since last request: 0.000030 seconds.
  path: Assets/Anim/Effects/2_pb_1.controller
  importAddress: Guid(fcdb8713189e5874fa46c11cf14a09ae) Importer(2089858483,b0f066a214c2f5e87bad3c948f4d605d)
Start importing Assets/Anim/Effects/2_pb_1.controller using Guid(fcdb8713189e5874fa46c11cf14a09ae) Importer(2089858483,b0f066a214c2f5e87bad3c948f4d605d) (ScriptedImporter) -> (Import Result ID: '56bf99299160a2ce1232382d9e144455') in 0.0189223 seconds [static and dynamic dependencies]. Details - ImportResultOutputID=92090913e51cdb011dfa8b472094c1bd DependenciesID=3e68bae11a8e4c823fae8456908ffd96 StaticDependenciesID=43cc3c7826cb28b03e6ceb0bbc278d5b 
Number of updated asset objects reloaded before import = 0Number of asset objects unloaded after import = 5

========================================================================
Received Import Request.
  Time since last request: 0.000031 seconds.
  path: Assets/Anim/Effects/4_p_1.controller
  importAddress: Guid(53283e42933cbf246a0755c1349fd565) Importer(2089858483,b0f066a214c2f5e87bad3c948f4d605d)
Start importing Assets/Anim/Effects/4_p_1.controller using Guid(53283e42933cbf246a0755c1349fd565) Importer(2089858483,b0f066a214c2f5e87bad3c948f4d605d) (ScriptedImporter) -> (Import Result ID: '1730310f7cb91f6fa485e91a2a2c523f') in 0.020343 seconds [static and dynamic dependencies]. Details - ImportResultOutputID=a22b18e34ff3d7ef607c693f4e09bd29 DependenciesID=b729e96502a0c2abb8a0b76c3c90566f StaticDependenciesID=2c089055dc665eb4ce050c374db5dae2 
Number of updated asset objects reloaded before import = 0Number of asset objects unloaded after import = 5

========================================================================
Received Import Request.
  Time since last request: 0.000033 seconds.
  path: Assets/Android Native Audio/Windows Android Logcat.cmd
  importAddress: Guid(99f0ee8575ef03c4a8817e143a14b302) Importer(2089858483,b0f066a214c2f5e87bad3c948f4d605d)
Start importing Assets/Android Native Audio/Windows Android Logcat.cmd using Guid(99f0ee8575ef03c4a8817e143a14b302) Importer(2089858483,b0f066a214c2f5e87bad3c948f4d605d) (ScriptedImporter) -> (Import Result ID: 'e54b26cbeb25ab0a8a69f6b8412a918a') in 0.0225078 seconds [static and dynamic dependencies]. Details - ImportResultOutputID=4d7a700722abb74f59903cdc8d3e9b20 DependenciesID=f86e8c35e49b311ec86b785df985db98 StaticDependenciesID=0a9345960dcb83ed3f96b051a86bae16 
Number of updated asset objects reloaded before import = 0Number of asset objects unloaded after import = 1

========================================================================
Received Import Request.
  Time since last request: 0.000067 seconds.
  path: Assets/MobileDependencyResolver/Editor/README.md
  importAddress: Guid(eda60a5e280441219d51748b60eaf0b7) Importer(2089858483,b0f066a214c2f5e87bad3c948f4d605d)
Start importing Assets/MobileDependencyResolver/Editor/README.md using Guid(eda60a5e280441219d51748b60eaf0b7) Importer(2089858483,b0f066a214c2f5e87bad3c948f4d605d) (ScriptedImporter) -> (Import Result ID: '7e85cc761726bf9ff72954b356e62409') in 0.0201801 seconds [static and dynamic dependencies]. Details - ImportResultOutputID=a4eb7a34e19c522f77481336326a9a3c DependenciesID=01970649731d3a8fab9c63c8f5040450 StaticDependenciesID=ccb71b86616210df99b7d11b093a8b1b 
Number of updated asset objects reloaded before import = 0Number of asset objects unloaded after import = 1

========================================================================
Received Import Request.
  Time since last request: 0.000030 seconds.
  path: Assets/MobileDependencyResolver/Editor/CHANGELOG.md
  importAddress: Guid(15066d50e81445ed9e318d0c2beede4e) Importer(2089858483,b0f066a214c2f5e87bad3c948f4d605d)
Start importing Assets/MobileDependencyResolver/Editor/CHANGELOG.md using Guid(15066d50e81445ed9e318d0c2beede4e) Importer(2089858483,b0f066a214c2f5e87bad3c948f4d605d) (ScriptedImporter) -> (Import Result ID: 'bff8d7e9df0e40cf8eac62d7acb4d138') in 0.0176174 seconds [static and dynamic dependencies]. Details - ImportResultOutputID=9637c108296de955fea867650b942d87 DependenciesID=905ac3a116e3d2629da5d98b95af507d StaticDependenciesID=8866cdb741f029fc728eec3df8969847 
Number of updated asset objects reloaded before import = 0Number of asset objects unloaded after import = 1

========================================================================
Received Import Request.
  Time since last request: 0.000029 seconds.
  path: Assets/Sprites/misc_assets.png
  importAddress: Guid(e0e17cc00716e7547bf5efecb3934f42) Importer(2089858483,b0f066a214c2f5e87bad3c948f4d605d)
Start importing Assets/Sprites/misc_assets.png using Guid(e0e17cc00716e7547bf5efecb3934f42) Importer(2089858483,b0f066a214c2f5e87bad3c948f4d605d) (ScriptedImporter) -> (Import Result ID: 'd638b91174f9a54c2e3f95465bd90ad0') in 0.0560479 seconds [static and dynamic dependencies]. Details - ImportResultOutputID=6d4bd1a28dcd65023ec07f6339795697 DependenciesID=12e91be9c399751388363ee7e1c9380d StaticDependenciesID=20254750807ce21a26443bba0931a987 
Number of updated asset objects reloaded before import = 0Number of asset objects unloaded after import = 10

========================================================================
Received Import Request.
  Time since last request: 0.000031 seconds.
  path: Assets/Scripts/Controllers/BallsController.cs
  importAddress: Guid(42ea358fe4319eb41a659bef10ed1c69) Importer(2089858483,b0f066a214c2f5e87bad3c948f4d605d)
Start importing Assets/Scripts/Controllers/BallsController.cs using Guid(42ea358fe4319eb41a659bef10ed1c69) Importer(2089858483,b0f066a214c2f5e87bad3c948f4d605d) (ScriptedImporter) -> (Import Result ID: '34446afa94ed19beee7c4795377ce08d') in 0.0192597 seconds [static and dynamic dependencies]. Details - ImportResultOutputID=aaea4703c5703e8e22e051aa6b03fa2a DependenciesID=f37c0e3f773c57335cbc3ea7e0a22dc8 StaticDependenciesID=c0822217e944a1665344e25bca666835 
Number of updated asset objects reloaded before import = 0Number of asset objects unloaded after import = 0

========================================================================
Received Import Request.
  Time since last request: 0.000039 seconds.
  path: Assets/Prefabs/GameController.prefab
  importAddress: Guid(889053f499fca8740b5bc5ecdf5c3a34) Importer(2089858483,b0f066a214c2f5e87bad3c948f4d605d)
Start importing Assets/Prefabs/GameController.prefab using Guid(889053f499fca8740b5bc5ecdf5c3a34) Importer(2089858483,b0f066a214c2f5e87bad3c948f4d605d) (ScriptedImporter) -> (Import Result ID: 'c60fdc980506fa06b418935e11111d66') in 0.0209067 seconds [static and dynamic dependencies]. Details - ImportResultOutputID=1862c720cb9e623b6182766db7bbd5a3 DependenciesID=3713e96ed2e4a3f6e4c824a8f43a32db StaticDependenciesID=eb16a81c1e4eee4794a47b65bdafb252 
Number of updated asset objects reloaded before import = 0Number of asset objects unloaded after import = 5

========================================================================
Received Import Request.
  Time since last request: 0.000026 seconds.
  path: Assets/Scripts/Enums/Backgrounds.cs
  importAddress: Guid(77b4a986a89e69c41a4a9164281ed1b3) Importer(2089858483,b0f066a214c2f5e87bad3c948f4d605d)
Start importing Assets/Scripts/Enums/Backgrounds.cs using Guid(77b4a986a89e69c41a4a9164281ed1b3) Importer(2089858483,b0f066a214c2f5e87bad3c948f4d605d) (ScriptedImporter) -> (Import Result ID: 'debb21067614c83cebf3ee1d062c8feb') in 0.019204 seconds [static and dynamic dependencies]. Details - ImportResultOutputID=7dc8e78d8860ac04f7629bbb6820f8c0 DependenciesID=3905e7b4f93b5d5f60b39e5a1d9687f5 StaticDependenciesID=fef13eebc51ed86e6e670114c73c75f4 
Number of updated asset objects reloaded before import = 0Number of asset objects unloaded after import = 0

========================================================================
Received Import Request.
  Time since last request: 0.000165 seconds.
  path: Assets/Sprites/logo_bg.png
  importAddress: Guid(232ee0b2bdd2af744b846e0db767d321) Importer(2089858483,b0f066a214c2f5e87bad3c948f4d605d)
Start importing Assets/Sprites/logo_bg.png using Guid(232ee0b2bdd2af744b846e0db767d321) Importer(2089858483,b0f066a214c2f5e87bad3c948f4d605d) (ScriptedImporter) -> (Import Result ID: '92118a6365e5017c527fb9282678d99d') in 0.0297848 seconds [static and dynamic dependencies]. Details - ImportResultOutputID=5fbd97b0728d94ca2952c043cd9acaae DependenciesID=d66eef0f283159ce5f904a917b3c0162 StaticDependenciesID=c6055b4df8bb700a1f19296994c7383a 
Number of updated asset objects reloaded before import = 0Number of asset objects unloaded after import = 2

========================================================================
Received Import Request.
  Time since last request: 0.000027 seconds.
  path: Assets/Prefabs/Backgrounds/2_p_1.prefab
  importAddress: Guid(fce7d264c448aa94084b8bbc77c633c9) Importer(2089858483,b0f066a214c2f5e87bad3c948f4d605d)
Start importing Assets/Prefabs/Backgrounds/2_p_1.prefab using Guid(fce7d264c448aa94084b8bbc77c633c9) Importer(2089858483,b0f066a214c2f5e87bad3c948f4d605d) (ScriptedImporter)d3d12: upload buffer was too small for the requested resource! Size: 16777216. Requested: 51118080.
 -> (Import Result ID: 'bc13cdb952c0a38860de68caf60f0d91') in 0.3192922 seconds [static and dynamic dependencies]. Details - ImportResultOutputID=6a82a9eb03a6ca477294def1bae9e193 DependenciesID=10d7f450b7d1ef7a10fcb75cc54932cf StaticDependenciesID=367b9c290c11902869bf2349cdc27c5f 
Number of updated asset objects reloaded before import = 0Number of asset objects unloaded after import = 13

========================================================================
Received Import Request.
  Time since last request: 0.000032 seconds.
  path: Assets/Prefabs/Backgrounds/1_p1.prefab
  importAddress: Guid(425833196483e5541a631cb1107e4f63) Importer(2089858483,b0f066a214c2f5e87bad3c948f4d605d)
Start importing Assets/Prefabs/Backgrounds/1_p1.prefab using Guid(425833196483e5541a631cb1107e4f63) Importer(2089858483,b0f066a214c2f5e87bad3c948f4d605d) (ScriptedImporter) -> (Import Result ID: '5264004fdbbfa64e82202dc98bd23cb7') in 0.2215413 seconds [static and dynamic dependencies]. Details - ImportResultOutputID=ec6608cb267d1d892f8f2247fe51aba4 DependenciesID=980b1824cfa1b1e501135c43282be0e5 StaticDependenciesID=51994cd77cd640a07b0f3584d5a3f8d1 
Number of updated asset objects reloaded before import = 0Number of asset objects unloaded after import = 13

========================================================================
Received Import Request.
  Time since last request: 0.195389 seconds.
  path: Assets/StreamingAssets/Effects/ball_beach.wav
  importAddress: Guid(7f06caf13c19188469345a6aa9284125) Importer(2089858483,b0f066a214c2f5e87bad3c948f4d605d)
Start importing Assets/StreamingAssets/Effects/ball_beach.wav using Guid(7f06caf13c19188469345a6aa9284125) Importer(2089858483,b0f066a214c2f5e87bad3c948f4d605d) (ScriptedImporter) -> (Import Result ID: '95527b608c066aa405d5ae74a18cf1b2') in 0.0404158 seconds [static and dynamic dependencies]. Details - ImportResultOutputID=a88ea055bdd2a40f28fce898d1901315 DependenciesID=b4bcff78b31e8037dd741c7d2243b229 StaticDependenciesID=ac7cbd504c0efd05597c0f3c8c94f40a 
Number of updated asset objects reloaded before import = 0Number of asset objects unloaded after import = 1

========================================================================
Received Import Request.
  Time since last request: 0.000041 seconds.
  path: Assets/StreamingAssets/Effects/denied.wav
  importAddress: Guid(8d61ae2d2881bf341a723c74d77ca10b) Importer(2089858483,b0f066a214c2f5e87bad3c948f4d605d)
Start importing Assets/StreamingAssets/Effects/denied.wav using Guid(8d61ae2d2881bf341a723c74d77ca10b) Importer(2089858483,b0f066a214c2f5e87bad3c948f4d605d) (ScriptedImporter) -> (Import Result ID: 'b50834544f51378d282c14b7fcdbbd8c') in 0.0214704 seconds [static and dynamic dependencies]. Details - ImportResultOutputID=507688ad324d2c1a10e2a19bf51f3ebb DependenciesID=057d59988207050b5ffefed7bc77b9f9 StaticDependenciesID=3efd1cd6fbf8f1e62960db5c9ab03312 
Number of updated asset objects reloaded before import = 0Number of asset objects unloaded after import = 1

========================================================================
Received Import Request.
  Time since last request: 0.000050 seconds.
  path: Assets/Plugins/GitHub/Editor/Mono.Posix.dll
  importAddress: Guid(ddb8611e748af425a82a497ac5a98c0c) Importer(2089858483,b0f066a214c2f5e87bad3c948f4d605d)
Start importing Assets/Plugins/GitHub/Editor/Mono.Posix.dll using Guid(ddb8611e748af425a82a497ac5a98c0c) Importer(2089858483,b0f066a214c2f5e87bad3c948f4d605d) (ScriptedImporter) -> (Import Result ID: '6408234e962b88c55dc4e9a202034b43') in 0.0251034 seconds [static and dynamic dependencies]. Details - ImportResultOutputID=000ecc427bd2ae0f63a29e44dec4bb6c DependenciesID=3feea319885f2de457368858d8629b59 StaticDependenciesID=a4e7ca6d91a81c36041dbbe62f95ebc0 
Number of updated asset objects reloaded before import = 0Number of asset objects unloaded after import = 0

========================================================================
Received Import Request.
  Time since last request: 0.000089 seconds.
  path: Assets/StreamingAssets/Effects/ding.wav
  importAddress: Guid(2c64b98996417704cb181ed15d8d2525) Importer(2089858483,b0f066a214c2f5e87bad3c948f4d605d)
Start importing Assets/StreamingAssets/Effects/ding.wav using Guid(2c64b98996417704cb181ed15d8d2525) Importer(2089858483,b0f066a214c2f5e87bad3c948f4d605d) (ScriptedImporter) -> (Import Result ID: '3d6e7211084bc545fbf941e2c17d55c6') in 0.0222341 seconds [static and dynamic dependencies]. Details - ImportResultOutputID=5b0dc575120473b96fe790ce123e3d59 DependenciesID=681bbf88b8e79d546b74ddade2cd58c8 StaticDependenciesID=d3b3d833f81eb48739b75164e34f0cf4 
Number of updated asset objects reloaded before import = 0Number of asset objects unloaded after import = 1

========================================================================
Received Import Request.
  Time since last request: 0.000024 seconds.
  path: Assets/Anim/Balls/BeachBall/beach_compress.anim
  importAddress: Guid(a8a56475347c6e74fae47e8b465b9dc3) Importer(2089858483,b0f066a214c2f5e87bad3c948f4d605d)
Start importing Assets/Anim/Balls/BeachBall/beach_compress.anim using Guid(a8a56475347c6e74fae47e8b465b9dc3) Importer(2089858483,b0f066a214c2f5e87bad3c948f4d605d) (ScriptedImporter) -> (Import Result ID: '3ed106b99a7637b5378d93a043891024') in 0.0224096 seconds [static and dynamic dependencies]. Details - ImportResultOutputID=5598e332c8463f22fea78fabf7f75763 DependenciesID=44bd7efa32a2edfc8318b0fee84e413b StaticDependenciesID=ae2740592449b68fde783e8b92ff0b8b 
Number of updated asset objects reloaded before import = 0Number of asset objects unloaded after import = 1

========================================================================
Received Import Request.
  Time since last request: 0.000060 seconds.
  path: Assets/Plugins/GitHub/Editor/GitHub.Api.45.dll
  importAddress: Guid(c743ae24ee231884887054d20ccdd0ab) Importer(2089858483,b0f066a214c2f5e87bad3c948f4d605d)
Start importing Assets/Plugins/GitHub/Editor/GitHub.Api.45.dll using Guid(c743ae24ee231884887054d20ccdd0ab) Importer(2089858483,b0f066a214c2f5e87bad3c948f4d605d) (ScriptedImporter) -> (Import Result ID: 'd57e55e96d26e3b0de70c75373dc7385') in 0.0240403 seconds [static and dynamic dependencies]. Details - ImportResultOutputID=3c317be8ec078a19de4d232023841f4e DependenciesID=0e92d861cf5d2ed2f51a0a3f05e53630 StaticDependenciesID=435b487dd0015cc0e3359a5bf85e3f5e 
Number of updated asset objects reloaded before import = 0Number of asset objects unloaded after import = 0

========================================================================
Received Import Request.
  Time since last request: 0.000068 seconds.
  path: Assets/Plugins/GitHub/Editor/x86/pthreadVC2.dll
  importAddress: Guid(151a1d946b98deb4b98445400983ba92) Importer(2089858483,b0f066a214c2f5e87bad3c948f4d605d)
Start importing Assets/Plugins/GitHub/Editor/x86/pthreadVC2.dll using Guid(151a1d946b98deb4b98445400983ba92) Importer(2089858483,b0f066a214c2f5e87bad3c948f4d605d) (ScriptedImporter) -> (Import Result ID: '530fc2de2d7bac9f5570754a0fd0fec8') in 0.0272965 seconds [static and dynamic dependencies]. Details - ImportResultOutputID=beca592b978718d32ad8d44d8e282bbf DependenciesID=635a6f477f480de06e0b8c01e4a2cb64 StaticDependenciesID=1f35597b93c14ca7806d1f4136bf0f58 
Number of updated asset objects reloaded before import = 0Number of asset objects unloaded after import = 0

========================================================================
Received Import Request.
  Time since last request: 0.000037 seconds.
  path: Assets/Anim/Balls/BeachBall/beach.anim
  importAddress: Guid(af1e783bc0abdf14f994ceb11d296499) Importer(2089858483,b0f066a214c2f5e87bad3c948f4d605d)
Start importing Assets/Anim/Balls/BeachBall/beach.anim using Guid(af1e783bc0abdf14f994ceb11d296499) Importer(2089858483,b0f066a214c2f5e87bad3c948f4d605d) (ScriptedImporter) -> (Import Result ID: 'b1dbd2997b99d850d5a6ed2c4a84e52f') in 0.0226015 seconds [static and dynamic dependencies]. Details - ImportResultOutputID=8420a8a77c7abf7d69f39d7bd07f9eaa DependenciesID=5c9a34b01a1770d1189a42cbfcef5bc4 StaticDependenciesID=e15cb4be6d7993e4aef81a356bb2a62c 
Number of updated asset objects reloaded before import = 0Number of asset objects unloaded after import = 1

========================================================================
Received Import Request.
  Time since last request: 0.000032 seconds.
  path: Assets/Plugins/GitHub/Editor/ReadOnlyCollectionsInterfaces.dll
  importAddress: Guid(48c22d5d7479fcb49ab3be0cdd2ccec0) Importer(2089858483,b0f066a214c2f5e87bad3c948f4d605d)
Start importing Assets/Plugins/GitHub/Editor/ReadOnlyCollectionsInterfaces.dll using Guid(48c22d5d7479fcb49ab3be0cdd2ccec0) Importer(2089858483,b0f066a214c2f5e87bad3c948f4d605d) (ScriptedImporter) -> (Import Result ID: 'c22454e2734945edda549a8298ec07cb') in 0.0178239 seconds [static and dynamic dependencies]. Details - ImportResultOutputID=32dd9632b0f9005898d6722b2846e255 DependenciesID=85abb5bd23921182b22586f043d4005c StaticDependenciesID=c78f9f646a3a904119579609d1187f05 
Number of updated asset objects reloaded before import = 0Number of asset objects unloaded after import = 0

========================================================================
Received Import Request.
  Time since last request: 0.000142 seconds.
  path: Assets/Anim/Balls/RedBall/red.anim
  importAddress: Guid(b60cac36cfe943e47b249a39b14b5530) Importer(2089858483,b0f066a214c2f5e87bad3c948f4d605d)
Start importing Assets/Anim/Balls/RedBall/red.anim using Guid(b60cac36cfe943e47b249a39b14b5530) Importer(2089858483,b0f066a214c2f5e87bad3c948f4d605d) (ScriptedImporter) -> (Import Result ID: 'ff8bd1d280ab106712b6bf48a6f03fb3') in 0.0190903 seconds [static and dynamic dependencies]. Details - ImportResultOutputID=34b36f968814b9fce0ff74ba921a0641 DependenciesID=ffe10c0427730eaf2fc5325c239a20cb StaticDependenciesID=10de266975a62e4df042440649041724 
Number of updated asset objects reloaded before import = 0Number of asset objects unloaded after import = 1

========================================================================
Received Import Request.
  Time since last request: 0.000032 seconds.
  path: Assets/Anim/Balls/RedBall/red_menu.controller
  importAddress: Guid(7c41e3a01499c0a4595ffaa3c4c54cc1) Importer(2089858483,b0f066a214c2f5e87bad3c948f4d605d)
Start importing Assets/Anim/Balls/RedBall/red_menu.controller using Guid(7c41e3a01499c0a4595ffaa3c4c54cc1) Importer(2089858483,b0f066a214c2f5e87bad3c948f4d605d) (ScriptedImporter) -> (Import Result ID: '2cd01e84639cecf37aafa6f67549658a') in 0.0245692 seconds [static and dynamic dependencies]. Details - ImportResultOutputID=c14338a4290d605403a87fbc5c562cae DependenciesID=51f17698e4afe643146b562a203ec31d StaticDependenciesID=adc166aba90b9ff21a23ae35688634d1 
Number of updated asset objects reloaded before import = 0Number of asset objects unloaded after import = 8

========================================================================
Received Import Request.
  Time since last request: 0.000027 seconds.
  path: Assets/Plugins/GitHub/Editor/GitHub.Api.dll
  importAddress: Guid(c743ae24ee231884887054d20ccdd0ae) Importer(2089858483,b0f066a214c2f5e87bad3c948f4d605d)
Start importing Assets/Plugins/GitHub/Editor/GitHub.Api.dll using Guid(c743ae24ee231884887054d20ccdd0ae) Importer(2089858483,b0f066a214c2f5e87bad3c948f4d605d) (ScriptedImporter) -> (Import Result ID: 'b56ea78c435e81c91decbce5905d461e') in 0.0241718 seconds [static and dynamic dependencies]. Details - ImportResultOutputID=b6788b53abcb436ad4f69bd87d2f2628 DependenciesID=285e9e1c083f5b390f532a3ebd5c8b4d StaticDependenciesID=09e3f53a4b54720e90b93aafc4b99127 
Number of updated asset objects reloaded before import = 0Number of asset objects unloaded after import = 0

========================================================================
Received Import Request.
  Time since last request: 0.000048 seconds.
  path: Assets/Plugins/GitHub/Editor/x86/sfw_x86.dll
  importAddress: Guid(a83159a46d87d2a4f8cec651049b9231) Importer(2089858483,b0f066a214c2f5e87bad3c948f4d605d)
Start importing Assets/Plugins/GitHub/Editor/x86/sfw_x86.dll using Guid(a83159a46d87d2a4f8cec651049b9231) Importer(2089858483,b0f066a214c2f5e87bad3c948f4d605d) (ScriptedImporter) -> (Import Result ID: '4f6aa1db30b0f38e1365dc99d1696731') in 0.0222701 seconds [static and dynamic dependencies]. Details - ImportResultOutputID=4ec7cf10e352ab231c0c3c95e72dfe4e DependenciesID=c512d1b03d460aba21e73c9c9eed00f1 StaticDependenciesID=fc7436879e1cc60b39821eec4adc20ef 
Number of updated asset objects reloaded before import = 0Number of asset objects unloaded after import = 0

========================================================================
Received Import Request.
  Time since last request: 0.000109 seconds.
  path: Assets/MobileDependencyResolver/Editor/1.2.185/Google.IOSResolver.dll
  importAddress: Guid(a1a3cd348b3c4bbc82b68b73893f222a) Importer(2089858483,b0f066a214c2f5e87bad3c948f4d605d)
Start importing Assets/MobileDependencyResolver/Editor/1.2.185/Google.IOSResolver.dll using Guid(a1a3cd348b3c4bbc82b68b73893f222a) Importer(2089858483,b0f066a214c2f5e87bad3c948f4d605d) (ScriptedImporter) -> (Import Result ID: '7fd0a7b185febb4f73238f15e794baa8') in 0.0212718 seconds [static and dynamic dependencies]. Details - ImportResultOutputID=03d55f5d2c739868a4518d832b89176a DependenciesID=11b6859f7bec4b3f2105b173fe169bc7 StaticDependenciesID=b6bc53c4b814a8620037072d066d1027 
Number of updated asset objects reloaded before import = 0Number of asset objects unloaded after import = 0

========================================================================
Received Import Request.
  Time since last request: 0.000034 seconds.
  path: Assets/Anim/Balls/RedBall/red_idle.anim
  importAddress: Guid(baf9e35a2369af0488dfce1349f37328) Importer(2089858483,b0f066a214c2f5e87bad3c948f4d605d)
Start importing Assets/Anim/Balls/RedBall/red_idle.anim using Guid(baf9e35a2369af0488dfce1349f37328) Importer(2089858483,b0f066a214c2f5e87bad3c948f4d605d) (ScriptedImporter) -> (Import Result ID: 'd5714098a7d4632bbc1ea6e5d9998d02') in 0.0211647 seconds [static and dynamic dependencies]. Details - ImportResultOutputID=d32b359cc7009845fcf231b0f12e950c DependenciesID=e9aa0a474e7cb6b929cf48d2c69f93cf StaticDependenciesID=28c6d6e372b92658f0ad390ffa2cd3e5 
Number of updated asset objects reloaded before import = 0Number of asset objects unloaded after import = 1

========================================================================
Received Import Request.
  Time since last request: 0.000069 seconds.
  path: Assets/Anim/Balls/BasketBall/basket_idle.anim
  importAddress: Guid(3814e27caad4ce04bbb98681e349c9c8) Importer(2089858483,b0f066a214c2f5e87bad3c948f4d605d)
Start importing Assets/Anim/Balls/BasketBall/basket_idle.anim using Guid(3814e27caad4ce04bbb98681e349c9c8) Importer(2089858483,b0f066a214c2f5e87bad3c948f4d605d) (ScriptedImporter) -> (Import Result ID: '4e3f45e360e3a025f965a95428cad67b') in 0.0234424 seconds [static and dynamic dependencies]. Details - ImportResultOutputID=716c686d38cd5be491ad260d853da43d DependenciesID=23c5d7f8316053980ffaede7708fe41b StaticDependenciesID=5979ab12f6dc85984d7cf4dc58313720 
Number of updated asset objects reloaded before import = 0Number of asset objects unloaded after import = 1

========================================================================
Received Import Request.
  Time since last request: 0.000025 seconds.
  path: Assets/MobileDependencyResolver/Editor/1.2.185/Google.JarResolver.pdb
  importAddress: Guid(b7140e00752144509139e18bcf3536b6) Importer(2089858483,b0f066a214c2f5e87bad3c948f4d605d)
Start importing Assets/MobileDependencyResolver/Editor/1.2.185/Google.JarResolver.pdb using Guid(b7140e00752144509139e18bcf3536b6) Importer(2089858483,b0f066a214c2f5e87bad3c948f4d605d) (ScriptedImporter) -> (Import Result ID: '38f224853ed4f6b3b0e9ef14a5099b66') in 0.0230814 seconds [static and dynamic dependencies]. Details - ImportResultOutputID=9b4d4c23a7327566307cc82c4c9d8d8f DependenciesID=f4bc808b2281d7c865bb62eebbeabede StaticDependenciesID=ab707ce78345959b9d250da0cc8c4ed3 
Number of updated asset objects reloaded before import = 0Number of asset objects unloaded after import = 1

========================================================================
Received Import Request.
  Time since last request: 0.000026 seconds.
  path: Assets/Android Native Audio/Examples/ANA Music/ANA Music Example.unity
  importAddress: Guid(5ae2270fa5e773c42bb50c87f889f9cc) Importer(2089858483,b0f066a214c2f5e87bad3c948f4d605d)
Start importing Assets/Android Native Audio/Examples/ANA Music/ANA Music Example.unity using Guid(5ae2270fa5e773c42bb50c87f889f9cc) Importer(2089858483,b0f066a214c2f5e87bad3c948f4d605d) (ScriptedImporter) -> (Import Result ID: '808b6cc95cc6b2f6b39d74e302a8c598') in 0.020894 seconds [static and dynamic dependencies]. Details - ImportResultOutputID=12a4c1a39a5cfdc3812faa7ba96b8997 DependenciesID=83f95492985a097cfdd6241804d5f45d StaticDependenciesID=2bf7db6ba6439df87dfde512be59650c 
Number of updated asset objects reloaded before import = 0Number of asset objects unloaded after import = 1

========================================================================
Received Import Request.
  Time since last request: 0.000087 seconds.
  path: Assets/Plugins/GitHub/Editor/eula.txt
  importAddress: Guid(136dc24f151211d438acee17aff4e934) Importer(2089858483,b0f066a214c2f5e87bad3c948f4d605d)
Start importing Assets/Plugins/GitHub/Editor/eula.txt using Guid(136dc24f151211d438acee17aff4e934) Importer(2089858483,b0f066a214c2f5e87bad3c948f4d605d) (ScriptedImporter) -> (Import Result ID: 'adb3fbf6d6ec506ae48d570ba39be6ca') in 0.0184728 seconds [static and dynamic dependencies]. Details - ImportResultOutputID=147f9e4c6e5b983c2a143ab3c5a06dbe DependenciesID=6260267e71b24f278c2db0f6bcb4bcbd StaticDependenciesID=ac8348213d6b6c47947e1d39be6470fb 
Number of updated asset objects reloaded before import = 0Number of asset objects unloaded after import = 1

========================================================================
Received Import Request.
  Time since last request: 0.000023 seconds.
  path: Assets/Plugins/GitHub/Editor/GitHub.Api.dll.mdb
  importAddress: Guid(c5c83d14802e712408f23409f3c59e26) Importer(2089858483,b0f066a214c2f5e87bad3c948f4d605d)
Start importing Assets/Plugins/GitHub/Editor/GitHub.Api.dll.mdb using Guid(c5c83d14802e712408f23409f3c59e26) Importer(2089858483,b0f066a214c2f5e87bad3c948f4d605d) (ScriptedImporter) -> (Import Result ID: 'e5e55d805ea6b1ff2f30b00d89899a94') in 0.0218607 seconds [static and dynamic dependencies]. Details - ImportResultOutputID=64eb735f0a6b4418e8271d57f4ff3f49 DependenciesID=be1bdac30bebbe29e1f27054d4a919cc StaticDependenciesID=495b36daa2acd47f30de291bf398e4bd 
Number of updated asset objects reloaded before import = 0Number of asset objects unloaded after import = 1

========================================================================
Received Import Request.
  Time since last request: 0.000023 seconds.
  path: Assets/Anim/Balls/BeachBall/beach_menu.controller
  importAddress: Guid(a4f07110eb7d47a45a22bb4ccd1220e8) Importer(2089858483,b0f066a214c2f5e87bad3c948f4d605d)
Start importing Assets/Anim/Balls/BeachBall/beach_menu.controller using Guid(a4f07110eb7d47a45a22bb4ccd1220e8) Importer(2089858483,b0f066a214c2f5e87bad3c948f4d605d) (ScriptedImporter) -> (Import Result ID: 'b885ba40a9cb030ed5f506705acb4db3') in 0.0250017 seconds [static and dynamic dependencies]. Details - ImportResultOutputID=7d8eb5f819fa8c45efc32ce11ed77ed6 DependenciesID=fcc370422f92449113b31219b4d231e2 StaticDependenciesID=660f8adcba93000864ddc5e15d9fc0e3 
Number of updated asset objects reloaded before import = 0Number of asset objects unloaded after import = 4

========================================================================
Received Import Request.
  Time since last request: 0.000034 seconds.
  path: Assets/Plugins/GitHub/Editor/System.Threading.dll
  importAddress: Guid(790749ba7e4b18141953e39cb13f1b79) Importer(2089858483,b0f066a214c2f5e87bad3c948f4d605d)
Start importing Assets/Plugins/GitHub/Editor/System.Threading.dll using Guid(790749ba7e4b18141953e39cb13f1b79) Importer(2089858483,b0f066a214c2f5e87bad3c948f4d605d) (ScriptedImporter) -> (Import Result ID: '0002640e8dcdffcf71d086b2511b79f0') in 0.0217458 seconds [static and dynamic dependencies]. Details - ImportResultOutputID=151b9c14f045b51d37ad0c4a1a22e564 DependenciesID=b19b734ecb28ba45904a94cdfd8c79c9 StaticDependenciesID=e60c362581ec6c7edabcfa04d7df7a99 
Number of updated asset objects reloaded before import = 0Number of asset objects unloaded after import = 0

========================================================================
Received Import Request.
  Time since last request: 0.000093 seconds.
  path: Assets/Plugins/GitHub/Editor/ExtensionLoader.cs
  importAddress: Guid(dae2ecee8a704dd59797e26554ff8606) Importer(2089858483,b0f066a214c2f5e87bad3c948f4d605d)
Start importing Assets/Plugins/GitHub/Editor/ExtensionLoader.cs using Guid(dae2ecee8a704dd59797e26554ff8606) Importer(2089858483,b0f066a214c2f5e87bad3c948f4d605d) (ScriptedImporter) -> (Import Result ID: '56f775d4ba205c53fd1199ee273e9677') in 0.019251 seconds [static and dynamic dependencies]. Details - ImportResultOutputID=5ea7c3f0d78b14c497ad56a8a9baf897 DependenciesID=3db3583166c48143ae29819a63a7364c StaticDependenciesID=a6f8d34f4c4baf686f58baaa2e3a4da9 
Number of updated asset objects reloaded before import = 0Number of asset objects unloaded after import = 0

Editor requested this worker to shutdown with reason: Scaling down because of idle timeout
AssetImportWorker is now disconnected from the server
Process exiting
Exiting without the bug reporter. Application will terminate with return code 0